Max Verstappen;Oracle Red Bull Racing;26
Sergio Perez;Oracle Red Bull Racing;8
Lewis Hamilton;Mercedes AMG Petronas Formula One Team;15
Fernando Alonso;Aston Martin Aramco Cognizant;6
Charles Leclerc;Scuderia Ferrari;2
Lando Norris;McLaren F1 Team;18
Carlos Sainz;Scuderia Ferrari;1
George Russell;Mercedes AMG Petronas Formula One Team;10
Oscar Piastri;McLaren F1 Team;12
Alexander Albon;Williams Racing;4
