Max Verstappen;Oracle Red Bull Racing;25
Sergio Perez;Oracle Red Bull Racing;15
Lewis Hamilton;Mercedes AMG Petronas Formula One Team;6
Fernando Alonso;Aston Martin Aramco Cognizant;2
Charles Leclerc;Scuderia Ferrari;18
Carlos Sainz;Scuderia Ferrari;8
George Russell;Mercedes AMG Petronas Formula One Team;4
Oscar Piastri;McLaren F1 Team;2
Lance Stroll;Aston Martin Aramco Cognizant;10
Esteban Ocon;BWT Alpine F1 Team;12
