Max Verstappen;Oracle Red Bull Racing;25
Lewis Hamilton;Mercedes AMG Petronas Formula One Team;19
Charles Leclerc;Scuderia Ferrari;15
Lando Norris;McLaren F1 Team;10
Carlos Sainz;Scuderia Ferrari;12
George Russell;Mercedes AMG Petronas Formula One Team;8
Oscar Piastri;McLaren F1 Team;4
Esteban Ocon;BWT Alpine F1 Team;1
Alexander Albon;Williams Racing;2
