Max Verstappen;Oracle Red Bull Racing;33
Sergio Perez;Oracle Red Bull Racing;18
Lewis Hamilton;Mercedes AMG Petronas Formula One Team;6
Fernando Alonso;Aston Martin Aramco Cognizant;15
Charles Leclerc;Scuderia Ferrari;4
Lando Norris;McLaren F1 Team;26
Carlos Sainz;Scuderia Ferrari;9
George Russell;Mercedes AMG Petronas Formula One Team;5
Lance Stroll;Aston Martin Aramco Cognizant;10
Gasly Pierre;BWT Alpine F1 Team;6
Esteban Ocon;BWT Alpine F1 Team;1
Yuki Tsunoda;Scuderia AlphaTauri;5
