Max Verstappen;Oracle Red Bull Racing;25
Sergio Perez;Oracle Red Bull Racing;18
Lewis Hamilton;Mercedes AMG Petronas Formula One Team;10
Fernando Alonso;Aston Martin Aramco Cognizant;15
Carlos Sainz;Scuderia Ferrari;12
George Russell;Mercedes AMG Petronas Formula One Team;6
Lance Stroll;Aston Martin Aramco Cognizant;8
Gasly Pierre;BWT Alpine F1 Team;2
Alexander Albon;Williams Racing;1
Valtteri Bottas;Alfa Romeo F1 Team Stake;4
Daniel Ricciardo;Scuderia AlphaTauri;6
