Max Verstappen;Oracle Red Bull Racing;10
Sergio Perez;Oracle Red Bull Racing;4
Lewis Hamilton;Mercedes AMG Petronas Formula One Team;16
Charles Leclerc;Scuderia Ferrari;12
Lando Norris;McLaren F1 Team;18
Carlos Sainz;Scuderia Ferrari;25
Oscar Piastri;McLaren F1 Team;6
Gasly Pierre;BWT Alpine F1 Team;8
Kevin Magnussen;MoneyGram Haas F1 Team;1
