Max Verstappen;Oracle Red Bull Racing;25
Sergio Perez;Oracle Red Bull Racing;9
Lewis Hamilton;Mercedes AMG Petronas Formula One Team;15
Fernando Alonso;Aston Martin Aramco Cognizant;18
Charles Leclerc;Scuderia Ferrari;12
Carlos Sainz;Scuderia Ferrari;10
Lance Stroll;Aston Martin Aramco Cognizant;2
Esteban Ocon;BWT Alpine F1 Team;4
Alexander Albon;Williams Racing;6
Valtteri Bottas;Alfa Romeo F1 Team Stake;1
