Max Verstappen;Oracle Red Bull Racing;25
Sergio Perez;Oracle Red Bull Racing;18
Lewis Hamilton;Mercedes AMG Petronas Formula One Team;8
Fernando Alonso;Aston Martin Aramco Cognizant;2
Charles Leclerc;Scuderia Ferrari;12
Lando Norris;McLaren F1 Team;4
Carlos Sainz;Scuderia Ferrari;15
George Russell;Mercedes AMG Petronas Formula One Team;10
Alexander Albon;Williams Racing;6
Valtteri Bottas;Alfa Romeo F1 Team Stake;1
