Max Verstappen;Oracle Red Bull Racing;25
Lewis Hamilton;Mercedes AMG Petronas Formula One Team;13
Fernando Alonso;Aston Martin Aramco Cognizant;18
Charles Leclerc;Scuderia Ferrari;8
Lando Norris;McLaren F1 Team;2
Carlos Sainz;Scuderia Ferrari;4
George Russell;Mercedes AMG Petronas Formula One Team;10
Oscar Piastri;McLaren F1 Team;1
Gasly Pierre;BWT Alpine F1 Team;6
Esteban Ocon;BWT Alpine F1 Team;15
